  AnimationEasing.cpp
  AnimationHandler.cpp
  Animator.cpp
  Timer.cpp
  AnimatedObject.cpp
  GraphicAddons.cpp
  SpriteAnimated.cpp
  TextureAnimated.cpp
  TextureAtlas.cpp
  Bezier.cpp
  Math.cpp
  RandCard.cpp
  RussianRoulette.cpp
C:\Users\Benoi\Documents\GitHub\Jeu-societe\Jeu-societe\AProject\Scenes\RussianRoulette\RussianRoulette.cpp(251,33): warning C4477: 'snprintf' : la chaîne de format '%s' nécessite un argument de type 'char *', mais l'argument variadique 1 est de type 'std::string'
  Scene.cpp
  SceneHandler.cpp
  AssetManager.cpp
  Camera.cpp
  main.cpp
  Controller.cpp
  FileTools.cpp
  Génération de code en cours...
  Compilation en cours...
  PyDict.cpp
  DynaList.cpp
  PyList.cpp
  MathPlus.cpp
  Random.cpp
  Génération de code en cours...
  AProject.vcxproj -> C:\Users\Benoi\Documents\GitHub\Jeu-societe\Jeu-societe\x64\Debug\XBPlato.exe
